// Jest Snapshot v1, https://goo.gl/fbAQLP

exports[`PageSpeed matches snapshot 1`] = `
<div>
  Cardinal [PageSpeed]
</div>
`;
