// Jest Snapshot v1, https://goo.gl/fbAQLP

exports[`App matches snapshot without props 1`] = `
<div>
  Welcome to Cardinal!
</div>
`;
