// Jest Snapshot v1, https://goo.gl/fbAQLP

exports[`Root matches snapshot without props 1`] = `<app />`;
