// Jest Snapshot v1, https://goo.gl/fbAQLP

exports[`Navigation matches snapshot 1`] = `
<nav>
  <ul>
    <NavLink
      key="1"
      to="link"
    >
      title
    </NavLink>
  </ul>
</nav>
`;
